C:\Users\Administrator\.dsh\profiles\web\node_modules\node-pty\src\conpty_console_list_agent.ts:13
const consoleProcessList = getConsoleProcessList(shellPid);
                           ^

Error: AttachConsole failed
    at Object.<anonymous> (C:\Users\Administrator\.dsh\profiles\web\node_modules\node-pty\src\conpty_console_list_agent.ts:13:28)
    at Module._compile (node:internal/modules/cjs/loader:1854:14)
    at Object..js (node:internal/modules/cjs/loader:1985:10)
    at Module.load (node:internal/modules/cjs/loader:1577:32)
    at Module._load (node:internal/modules/cjs/loader:1379:12)
    at wrapModuleLoad (node:internal/modules/cjs/loader:255:19)
    at loadCJSModuleWithModuleLoad (node:internal/modules/esm/translators:326:3)
    at ModuleWrap.<anonymous> (node:internal/modules/esm/translators:231:7)
    at ModuleJob.run (node:internal/modules/esm/module_job:439:25)
    at process.processTicksAndRejections (node:internal/process/task_queues:104:5)

Node.js v24.16.0
C:\Users\Administrator\.dsh\profiles\web\node_modules\node-pty\src\conpty_console_list_agent.ts:13
const consoleProcessList = getConsoleProcessList(shellPid);
                           ^

Error: AttachConsole failed
    at Object.<anonymous> (C:\Users\Administrator\.dsh\profiles\web\node_modules\node-pty\src\conpty_console_list_agent.ts:13:28)
    at Module._compile (node:internal/modules/cjs/loader:1854:14)
    at Object..js (node:internal/modules/cjs/loader:1985:10)
    at Module.load (node:internal/modules/cjs/loader:1577:32)
    at Module._load (node:internal/modules/cjs/loader:1379:12)
    at wrapModuleLoad (node:internal/modules/cjs/loader:255:19)
    at loadCJSModuleWithModuleLoad (node:internal/modules/esm/translators:326:3)
    at ModuleWrap.<anonymous> (node:internal/modules/esm/translators:231:7)
    at ModuleJob.run (node:internal/modules/esm/module_job:439:25)
    at process.processTicksAndRejections (node:internal/process/task_queues:104:5)

Node.js v24.16.0
C:\Users\Administrator\.dsh\profiles\web\node_modules\node-pty\src\conpty_console_list_agent.ts:13
const consoleProcessList = getConsoleProcessList(shellPid);
                           ^

Error: AttachConsole failed
    at Object.<anonymous> (C:\Users\Administrator\.dsh\profiles\web\node_modules\node-pty\src\conpty_console_list_agent.ts:13:28)
    at Module._compile (node:internal/modules/cjs/loader:1854:14)
    at Object..js (node:internal/modules/cjs/loader:1985:10)
    at Module.load (node:internal/modules/cjs/loader:1577:32)
    at Module._load (node:internal/modules/cjs/loader:1379:12)
    at wrapModuleLoad (node:internal/modules/cjs/loader:255:19)
    at loadCJSModuleWithModuleLoad (node:internal/modules/esm/translators:326:3)
    at ModuleWrap.<anonymous> (node:internal/modules/esm/translators:231:7)
    at ModuleJob.run (node:internal/modules/esm/module_job:439:25)
    at process.processTicksAndRejections (node:internal/process/task_queues:104:5)

Node.js v24.16.0
C:\Users\Administrator\.dsh\profiles\web\node_modules\node-pty\src\conpty_console_list_agent.ts:13
const consoleProcessList = getConsoleProcessList(shellPid);
                           ^

Error: AttachConsole failed
    at Object.<anonymous> (C:\Users\Administrator\.dsh\profiles\web\node_modules\node-pty\src\conpty_console_list_agent.ts:13:28)
    at Module._compile (node:internal/modules/cjs/loader:1854:14)
    at Object..js (node:internal/modules/cjs/loader:1985:10)
    at Module.load (node:internal/modules/cjs/loader:1577:32)
    at Module._load (node:internal/modules/cjs/loader:1379:12)
    at wrapModuleLoad (node:internal/modules/cjs/loader:255:19)
    at loadCJSModuleWithModuleLoad (node:internal/modules/esm/translators:326:3)
    at ModuleWrap.<anonymous> (node:internal/modules/esm/translators:231:7)
    at ModuleJob.run (node:internal/modules/esm/module_job:439:25)
    at process.processTicksAndRejections (node:internal/process/task_queues:104:5)

Node.js v24.16.0
C:\Users\Administrator\.dsh\profiles\web\node_modules\node-pty\src\conpty_console_list_agent.ts:13
const consoleProcessList = getConsoleProcessList(shellPid);
                           ^

Error: AttachConsole failed
    at Object.<anonymous> (C:\Users\Administrator\.dsh\profiles\web\node_modules\node-pty\src\conpty_console_list_agent.ts:13:28)
    at Module._compile (node:internal/modules/cjs/loader:1854:14)
    at Object..js (node:internal/modules/cjs/loader:1985:10)
    at Module.load (node:internal/modules/cjs/loader:1577:32)
    at Module._load (node:internal/modules/cjs/loader:1379:12)
    at wrapModuleLoad (node:internal/modules/cjs/loader:255:19)
    at loadCJSModuleWithModuleLoad (node:internal/modules/esm/translators:326:3)
    at ModuleWrap.<anonymous> (node:internal/modules/esm/translators:231:7)
    at ModuleJob.run (node:internal/modules/esm/module_job:439:25)
    at process.processTicksAndRejections (node:internal/process/task_queues:104:5)

Node.js v24.16.0
C:\Users\Administrator\.dsh\profiles\web\node_modules\node-pty\src\conpty_console_list_agent.ts:13
const consoleProcessList = getConsoleProcessList(shellPid);
                           ^

Error: AttachConsole failed
    at Object.<anonymous> (C:\Users\Administrator\.dsh\profiles\web\node_modules\node-pty\src\conpty_console_list_agent.ts:13:28)
    at Module._compile (node:internal/modules/cjs/loader:1854:14)
    at Object..js (node:internal/modules/cjs/loader:1985:10)
    at Module.load (node:internal/modules/cjs/loader:1577:32)
    at Module._load (node:internal/modules/cjs/loader:1379:12)
    at wrapModuleLoad (node:internal/modules/cjs/loader:255:19)
    at loadCJSModuleWithModuleLoad (node:internal/modules/esm/translators:326:3)
    at ModuleWrap.<anonymous> (node:internal/modules/esm/translators:231:7)
    at ModuleJob.run (node:internal/modules/esm/module_job:439:25)
    at process.processTicksAndRejections (node:internal/process/task_queues:104:5)

Node.js v24.16.0
